
> battery-genome-platform@0.1.0 dev
> next dev --hostname 127.0.0.1 --port 3001

  ▲ Next.js 14.2.35
  - Local:        http://127.0.0.1:3001
  - Network:      http://127.0.0.1:3001

 ✓ Starting...
 ✓ Ready in 5.3s
 ○ Compiling /middleware ...
 ✓ Compiled /middleware in 1738ms (203 modules)
 ○ Compiling / ...
 ✓ Compiled / in 7.2s (659 modules)
 GET / 200 in 7664ms
 ○ Compiling /auth/sign-in ...
 ✓ Compiled /auth/sign-in in 5.4s (663 modules)
 GET /auth/sign-in 200 in 5552ms
 ✓ Compiled /auth/mock in 142ms (405 modules)
 GET /auth/mock?handle=simonc&provider=github&next=%2Fregistry%2Fcell_type%2Fde--google-g20m7-2025--1e17b071 307 in 238ms
 GET /auth/sign-in?next=%2Fregistry%2Fcell_type%2Fde--google-g20m7-2025--1e17b071 200 in 136ms
 ○ Compiling /registry/[resourceType]/[id] ...
 ✓ Compiled /registry/[resourceType]/[id] in 664ms (687 modules)
 GET /registry/cell_type/de--google-g20m7-2025--1e17b071 200 in 1415ms
 ✓ Compiled in 784ms (474 modules)
 ✓ Compiled in 516ms (474 modules)
 ✓ Compiled in 635ms (474 modules)
 ✓ Compiled in 162ms (203 modules)
 ✓ Compiled in 331ms (271 modules)
   Reload env: .env.local
 ✓ Compiled in 334ms (460 modules)
   Reload env: .env.local
 ✓ Compiled in 109ms (460 modules)
   Reload env: .env.local
 ✓ Compiled in 149ms (460 modules)
   Reload env: .env.local
 ✓ Compiled in 125ms (460 modules)
 ✓ Compiled in 991ms (474 modules)
 ✓ Compiled in 816ms (474 modules)
   Reload env: .env.local
 ✓ Compiled in 206ms (460 modules)
   Reload env: .env.local
 ✓ Compiled in 187ms (460 modules)
 ✓ Compiled in 764ms (474 modules)
   Reload env: .env.local
 ✓ Compiled in 141ms (460 modules)
 ✓ Compiled in 1259ms (474 modules)
 ✓ Compiled in 1100ms (460 modules)
 ✓ Compiled in 557ms (271 modules)
 ✓ Compiled in 1029ms (271 modules)
 ✓ Compiled in 275ms (271 modules)
 ✓ Compiled in 1153ms (474 modules)
 ✓ Compiled in 1021ms (460 modules)
 ✓ Compiled in 1220ms (271 modules)
 ✓ Compiled in 1208ms (474 modules)
 ✓ Compiled in 926ms (460 modules)
 ✓ Compiled in 1189ms (271 modules)
 ✓ Compiled in 624ms (271 modules)
 ✓ Compiled in 966ms (474 modules)
 ✓ Compiled in 977ms (460 modules)
 ✓ Compiled in 1252ms (216 modules)
 ✓ Compiled in 203ms (216 modules)
  ▲ Next.js 14.2.35
  - Local:        http://127.0.0.1:3001
  - Network:      http://127.0.0.1:3001
  - Environments: .env.local

 ✓ Starting...
 ✓ Ready in 6.4s
   Reload env: .env.local
